src/app/auction/display/page.tsx(3,8): error TS1259: Module '"C:/project/volatile-cassini/node_modules/@types/react/index"' can only be default-imported using the 'esModuleInterop' flag
src/app/auction/display/page.tsx(4,26): error TS2307: Cannot find module '@/lib/supabase' or its corresponding type declarations.
src/app/auction/display/page.tsx(5,29): error TS2307: Cannot find module '@/lib/utils' or its corresponding type declarations.
src/app/auction/display/page.tsx(174,9): error TS17004: Cannot use JSX unless the '--jsx' flag is provided.
src/app/auction/display/page.tsx(184,13): error TS17004: Cannot use JSX unless the '--jsx' flag is provided.
src/app/auction/display/page.tsx(185,17): error TS17004: Cannot use JSX unless the '--jsx' flag is provided.
src/app/auction/display/page.tsx(195,17): error TS17004: Cannot use JSX unless the '--jsx' flag is provided.
src/app/auction/display/page.tsx(208,13): error TS17004: Cannot use JSX unless the '--jsx' flag is provided.
src/app/auction/display/page.tsx(209,13): error TS17004: Cannot use JSX unless the '--jsx' flag is provided.
src/app/auction/display/page.tsx(212,13): error TS17004: Cannot use JSX unless the '--jsx' flag is provided.
src/app/auction/display/page.tsx(213,17): error TS17004: Cannot use JSX unless the '--jsx' flag is provided.
src/app/auction/display/page.tsx(215,25): error TS17004: Cannot use JSX unless the '--jsx' flag is provided.
src/app/auction/display/page.tsx(222,29): error TS17004: Cannot use JSX unless the '--jsx' flag is provided.
src/app/auction/display/page.tsx(224,33): error TS17004: Cannot use JSX unless the '--jsx' flag is provided.
src/app/auction/display/page.tsx(225,37): error TS17004: Cannot use JSX unless the '--jsx' flag is provided.
src/app/auction/display/page.tsx(239,41): error TS17004: Cannot use JSX unless the '--jsx' flag is provided.
src/app/auction/display/page.tsx(245,41): error TS17004: Cannot use JSX unless the '--jsx' flag is provided.
src/app/auction/display/page.tsx(249,37): error TS17004: Cannot use JSX unless the '--jsx' flag is provided.
src/app/auction/display/page.tsx(251,45): error TS17004: Cannot use JSX unless the '--jsx' flag is provided.
src/app/auction/display/page.tsx(281,33): error TS17004: Cannot use JSX unless the '--jsx' flag is provided.
src/app/auction/display/page.tsx(282,37): error TS17004: Cannot use JSX unless the '--jsx' flag is provided.
src/app/auction/display/page.tsx(287,41): error TS17004: Cannot use JSX unless the '--jsx' flag is provided.
src/app/auction/display/page.tsx(299,45): error TS17004: Cannot use JSX unless the '--jsx' flag is provided.
src/app/auction/display/page.tsx(302,41): error TS17004: Cannot use JSX unless the '--jsx' flag is provided.
src/app/auction/display/page.tsx(318,37): error TS17004: Cannot use JSX unless the '--jsx' flag is provided.
src/app/auction/display/page.tsx(319,41): error TS17004: Cannot use JSX unless the '--jsx' flag is provided.
src/app/auction/display/page.tsx(326,45): error TS17004: Cannot use JSX unless the '--jsx' flag is provided.
src/app/auction/display/page.tsx(327,45): error TS17004: Cannot use JSX unless the '--jsx' flag is provided.
src/app/auction/display/page.tsx(327,123): error TS17004: Cannot use JSX unless the '--jsx' flag is provided.
src/app/auction/display/page.tsx(331,45): error TS17004: Cannot use JSX unless the '--jsx' flag is provided.
src/app/auction/display/page.tsx(338,49): error TS17004: Cannot use JSX unless the '--jsx' flag is provided.
src/app/auction/display/page.tsx(339,49): error TS17004: Cannot use JSX unless the '--jsx' flag is provided.
src/app/auction/display/page.tsx(345,37): error TS17004: Cannot use JSX unless the '--jsx' flag is provided.
src/app/auction/display/page.tsx(347,45): error TS17004: Cannot use JSX unless the '--jsx' flag is provided.
src/app/auction/display/page.tsx(364,49): error TS17004: Cannot use JSX unless the '--jsx' flag is provided.
src/app/auction/display/page.tsx(368,49): error TS17004: Cannot use JSX unless the '--jsx' flag is provided.
src/app/auction/display/page.tsx(369,53): error TS17004: Cannot use JSX unless the '--jsx' flag is provided.
src/app/auction/display/page.tsx(377,53): error TS17004: Cannot use JSX unless the '--jsx' flag is provided.
src/app/auction/display/page.tsx(381,53): error TS17004: Cannot use JSX unless the '--jsx' flag is provided.
src/app/auction/display/page.tsx(386,57): error TS17004: Cannot use JSX unless the '--jsx' flag is provided.
src/app/auction/display/page.tsx(387,57): error TS17004: Cannot use JSX unless the '--jsx' flag is provided.
src/app/auction/display/page.tsx(397,29): error TS17004: Cannot use JSX unless the '--jsx' flag is provided.
src/app/auction/display/page.tsx(399,37): error TS17004: Cannot use JSX unless the '--jsx' flag is provided.
src/app/auction/display/page.tsx(409,41): error TS17004: Cannot use JSX unless the '--jsx' flag is provided.
src/app/auction/display/page.tsx(423,53): error TS17004: Cannot use JSX unless the '--jsx' flag is provided.
src/app/auction/display/page.tsx(434,13): error TS17004: Cannot use JSX unless the '--jsx' flag is provided.
src/app/auction/display/page.tsx(435,17): error TS17004: Cannot use JSX unless the '--jsx' flag is provided.
src/app/auction/display/page.tsx(437,25): error TS17004: Cannot use JSX unless the '--jsx' flag is provided.
src/app/auction/display/page.tsx(457,29): error TS17004: Cannot use JSX unless the '--jsx' flag is provided.
src/app/auction/display/page.tsx(469,13): error TS17004: Cannot use JSX unless the '--jsx' flag is provided.
src/app/auction/display/page.tsx(482,17): error TS17004: Cannot use JSX unless the '--jsx' flag is provided.
src/app/auction/display/page.tsx(483,21): error TS17004: Cannot use JSX unless the '--jsx' flag is provided.
src/app/auction/display/page.tsx(485,29): error TS17004: Cannot use JSX unless the '--jsx' flag is provided.
src/app/auction/display/page.tsx(502,13): error TS17004: Cannot use JSX unless the '--jsx' flag is provided.
